// Vitest Snapshot v1, https://vitest.dev/guide/snapshot.html

exports[`AnimatedIcon > should render lottie DOM element 1`] = `true`;
