// Vitest Snapshot v1, https://vitest.dev/guide/snapshot.html

exports[`BaseSymbol > should render  1`] = `true`;

exports[`BaseSymbol > should render svg DOM element (path: ./symbols/AttentionSymbol.vue) 1`] = `true`;

exports[`BaseSymbol > should render svg DOM element (path: ./symbols/AutoSymbol.vue) 1`] = `true`;
