// Vitest Snapshot v1, https://vitest.dev/guide/snapshot.html

exports[`BaseSign > should render Icon (name="AttentionSymbol") 1`] = `true`;

exports[`BaseSign > should render Icon (name="ProgramsSymbol") 1`] = `true`;
