// Vitest Snapshot v1, https://vitest.dev/guide/snapshot.html

exports[`BasePage > should render default slot (<p>Slot Content</p>) 1`] = `
"<div class="cmf-app-page">
  <p>Slot Content</p>
</div>"
`;
