// Vitest Snapshot v1, https://vitest.dev/guide/snapshot.html

exports[`MainHeader > header should render MainNavigation component 1`] = `true`;
